// Jest Snapshot v1, https://goo.gl/fbAQLP

exports[`FileIcon tests <FileIcon /> should render FileIcon component 1`] = `
<DocumentFragment>
  <span
    class="ecos-file-icon fiv-hct fiv-icon-blank"
  />
</DocumentFragment>
`;
