// Jest Snapshot v1, https://goo.gl/fbAQLP

exports[`  should render InfoPanel component 1`] = `
<div>
  <div
    class="dashlet"
  >
    <div
      class="ecos-well ecos-panel dashlet info-panel"
    >
      <div
        class="ecos-panel__head dashlet__header-wrapper"
      >
        <div
          class="dashlet__header"
        >
          <span
            class="dashlet__caption"
          >
            bpmn-admin.info-title
          </span>
          <span
            class="ecos-badge ecos-badge_info ecos-badge_large"
          />
          <div
            class="dashlet__header-actions"
          />
        </div>
      </div>
      <div
        class="ecos-panel__body dashlet__body"
      >
        <div
          class="dashlet__body-content"
        >
          <div
            class="ecos-loader"
          >
            <div>
              <svg
                height="45"
                stroke="#7396cd"
                viewBox="0 0 38 38"
                width="45"
                xmlns="http://www.w3.org/2000/svg"
              >
                <g
                  fill="none"
                  fill-rule="evenodd"
                >
                  <g
                    stroke-width="2"
                    transform="translate(1 1)"
                  >
                    <circle
                      cx="18"
                      cy="18"
                      r="18"
                      stroke-opacity=".5"
                    />
                    <path
                      d="M36 18c0-9.94-8.06-18-18-18"
                    >
                      <animatetransform
                        attributeName="transform"
                        dur="1s"
                        from="0 18 18"
                        repeatCount="indefinite"
                        to="360 18 18"
                        type="rotate"
                      />
                    </path>
                  </g>
                </g>
              </svg>
            </div>
          </div>
        </div>
        <div
          class="dashlet__body-indent dashlet__body-indent_bottom"
        />
      </div>
    </div>
    <div />
  </div>
</div>
`;

exports[`  should render corrent columns for incidents 1`] = `
[
  {
    "attribute": "message",
    "dataField": "message",
    "newEditor": {
      "config": {},
      "type": "text",
    },
    "newFormatter": {
      "config": {
        "Component": [Function],
      },
      "type": "component",
    },
    "searchable": true,
    "searchableByText": true,
    "text": "Message",
  },
  {
    "attribute": "processInstanceRef",
    "dataField": "processInstanceRef",
    "newFormatter": {
      "config": {
        "getUrl": [Function],
      },
      "type": "link",
    },
    "sortable": true,
    "text": "Process instance",
  },
  {
    "attribute": "created",
    "dataField": "created",
    "newFormatter": {
      "config": {
        "format": "LLL",
      },
      "type": "date",
    },
    "sortable": true,
    "text": "Created",
  },
  {
    "attribute": "activityId",
    "dataField": "activityId",
    "newFormatter": {
      "config": {
        "Component": [Function],
      },
      "type": "component",
    },
    "sortable": true,
    "text": "Element",
  },
  {
    "attribute": "failedActivityId",
    "dataField": "failedActivityId",
    "newFormatter": {
      "config": {
        "Component": [Function],
      },
      "type": "component",
    },
    "text": "Failed element",
  },
  {
    "attribute": "incidentType",
    "dataField": "incidentType",
    "sortable": true,
    "text": "Type",
  },
  {
    "attribute": "note",
    "classes": "common-table-column__small",
    "dataField": "note",
    "newFormatter": {
      "config": {
        "Component": [Function],
      },
      "type": "component",
    },
    "text": "Note",
  },
  {
    "attribute": "id",
    "classes": "common-table-column__small",
    "dataField": "id",
    "newFormatter": {
      "config": {
        "Component": [Function],
      },
      "type": "component",
    },
    "text": "Actions",
  },
]
`;

exports[`  should render corrent columns for instances 1`] = `
[
  {
    "attribute": "id",
    "dataField": "dispId",
    "newFormatter": {
      "config": {
        "getUrl": [Function],
      },
      "type": "link",
    },
    "text": "ID",
  },
  {
    "attribute": "document",
    "dataField": "document",
    "disableSelect": false,
    "newEditor": {
      "config": {
        "journalId": "document-journal-id",
        "multiple": false,
      },
      "type": "journal",
    },
    "newFormatter": {
      "config": {
        "getUrl": [Function],
      },
      "type": "link",
    },
    "searchable": true,
    "searchableByText": true,
    "text": "Document",
  },
  {
    "attribute": "startTime",
    "dataField": "startTime",
    "newFormatter": {
      "config": {
        "format": "LLL",
      },
      "type": "date",
    },
    "sortable": true,
    "text": "Start time",
  },
  {
    "attribute": "id",
    "classes": "common-table-column__small",
    "dataField": "dispId",
    "newFormatter": {
      "config": {
        "Component": [Function],
      },
      "type": "component",
    },
    "text": "State",
  },
]
`;

exports[`  should render corrent columns for job definitions 1`] = `
[
  {
    "attribute": "state",
    "dataField": "state",
    "text": "State",
  },
  {
    "attribute": "activityId",
    "dataField": "activityId",
    "newFormatter": {
      "config": {
        "Component": [Function],
      },
      "type": "component",
    },
    "text": "Element",
  },
  {
    "attribute": "type",
    "dataField": "type",
    "text": "Type",
  },
  {
    "attribute": "configuration",
    "dataField": "configuration",
    "text": "Configuration",
  },
]
`;
