// Jest Snapshot v1, https://goo.gl/fbAQLP

exports[`Comment tests should render Comment component 1`] = `
<div>
  <div
    class="ecos-comments__comment"
  >
    <div
      class="ecos-comments__comment-header"
    >
      <div
        class="ecos-comments__comment-header-cell"
      >
        <div
          class="ecos-avatar ecos-comments__comment-avatar ecos-comments__comment-avatar_empty ecos-avatar_no-border"
        >
          <i
            class="icon ecos-avatar__icon icon-user-normal"
          />
        </div>
        <div
          class="ecos-comments__comment-header-column ecos-comments__comment-name-container"
        >
          <div
            class="ecos-comments__comment-name"
          >
            Admin
             
            Adminovich
          </div>
          <div
            class="ecos-comments__comment-name"
          >
            Administratorov
          </div>
          <div
            class="ecos-comments__comment-date"
          >
            comments-widget.now
          </div>
        </div>
        <div
          class="ecos-comments__comment-header-column ecos-comments__comment-tag-container"
        />
      </div>
      <div
        class="ecos-comments__comment-header-cell ecos-comments__comment-header-cell_actions"
      />
    </div>
    <div
      class="citeck-lexical-editor"
    >
      <div
        class="editor-shell"
      >
        <div
          class="ecos-rt-editor ecos-comments__comment-editor editor-container tree-view"
        >
          <div
            class="file-node-wrapper"
            id="file-node-wrapper"
          />
          <div
            class="editor-scroller"
          >
            <div
              class="editor"
            >
              <div
                aria-autocomplete="none"
                aria-placeholder="lexical.editor.placeholder.rich"
                aria-readonly="true"
                autocapitalize="off"
                class="ecos-rt-editor__content content_readonly"
                contenteditable="false"
                data-lexical-editor="true"
                spellcheck="true"
                style="user-select: text; white-space: pre-wrap; word-break: break-word;"
              >
                <p
                  class="PlaygroundEditorTheme__paragraph"
                >
                  <br />
                </p>
              </div>
              <div
                aria-hidden="true"
              >
                <div
                  class="ContentEditable__placeholder"
                >
                  lexical.editor.placeholder.rich
                </div>
              </div>
            </div>
          </div>
          <div />
        </div>
      </div>
    </div>
    <button
      class="editor-dev-button "
      id="options-button"
    />
  </div>
</div>
`;

exports[`Comment tests should render Comment component with tags 1`] = `
<div>
  <div
    class="ecos-comments__comment"
  >
    <div
      class="ecos-comments__comment-header"
    >
      <div
        class="ecos-comments__comment-header-cell"
      >
        <div
          class="ecos-avatar ecos-comments__comment-avatar ecos-comments__comment-avatar_empty ecos-avatar_no-border"
        >
          <i
            class="icon ecos-avatar__icon icon-user-normal"
          />
        </div>
        <div
          class="ecos-comments__comment-header-column ecos-comments__comment-name-container"
        >
          <div
            class="ecos-comments__comment-name"
          >
            Admin
             
            Adminovich
          </div>
          <div
            class="ecos-comments__comment-name"
          >
            Administratorov
          </div>
          <div
            class="ecos-comments__comment-date"
          >
            comments-widget.now
          </div>
        </div>
        <div
          class="ecos-comments__comment-header-column ecos-comments__comment-tag-container"
        />
      </div>
      <div
        class="ecos-comments__comment-header-cell ecos-comments__comment-header-cell_actions"
      />
    </div>
    <div
      class="citeck-lexical-editor"
    >
      <div
        class="editor-shell"
      >
        <div
          class="ecos-rt-editor ecos-comments__comment-editor editor-container tree-view"
        >
          <div
            class="file-node-wrapper"
            id="file-node-wrapper"
          />
          <div
            class="editor-scroller"
          >
            <div
              class="editor"
            >
              <div
                aria-autocomplete="none"
                aria-placeholder="lexical.editor.placeholder.rich"
                aria-readonly="true"
                autocapitalize="off"
                class="ecos-rt-editor__content content_readonly"
                contenteditable="false"
                data-lexical-editor="true"
                spellcheck="true"
                style="user-select: text; white-space: pre-wrap; word-break: break-word;"
              >
                <p
                  class="PlaygroundEditorTheme__paragraph"
                >
                  <br />
                </p>
              </div>
              <div
                aria-hidden="true"
              >
                <div
                  class="ContentEditable__placeholder"
                >
                  lexical.editor.placeholder.rich
                </div>
              </div>
            </div>
          </div>
          <div />
        </div>
      </div>
    </div>
    <button
      class="editor-dev-button "
      id="options-button"
    />
  </div>
</div>
`;
